Depth  Name                      #Inst  Area (um^2) 
----------------------------------------------------
0      snake_top_top             7954   1073466.2016
1      pad_vga_clk_out           5      21078.0032  
1      pad_BLUE_out4             5      21078.0032  
1      pad_GREEN_out6            5      21078.0032  
1      pad_RED_out5              5      21078.0032  
1      pad_vsync_out             5      21078.0032  
1      pad_BLUE_out1             5      21078.0032  
1      pad_RED_out2              5      21078.0032  
1      pad_GREEN_out3            5      21078.0032  
1      pad_BLUE_out6             5      21078.0032  
1      pad_RED_out7              5      21078.0032  
1      pad_BLUE_out3             5      21078.0032  
1      pad_GREEN_out5            5      21078.0032  
1      pad_RED_out4              5      21078.0032  
1      pad_hsync_out             5      21078.0032  
1      pad_BLUE_out0             5      21078.0032  
1      pad_RED_out1              5      21078.0032  
1      pad_GREEN_out2            5      21078.0032  
1      pad_BLUE_out5             5      21078.0032  
1      pad_RED_out6              5      21078.0032  
1      s_top                     7807   118927.1552 
1      pad_BLUE_out2             5      21078.0032  
1      pad_GREEN_out4            5      21078.0032  
1      pad_RED_out3              5      21078.0032  
1      pad_BLUE_out7             5      21078.0032  
1      pad_GREEN_out7            5      21078.0032  
1      pad_RED_out0              5      21078.0032  
1      pad_GREEN_out0            5      21078.0032  
1      pad_GREEN_out1            5      21078.0032  
2      s_top/sw                  475    6710.7264   
2      s_top/add_29              51     919.7888    
2      s_top/mem                 3983   65175.488   
2      s_top/s                   3002   39309.4464  
2      s_top/vga_c               191    4688.9472   
3      s_top/mem/mult_102_S2     30     417.088     
3      s_top/mem/add_107         30     500.5056    
3      s_top/vga_c/vga_module    113    2478.3808   
3      s_top/mem/mult_107        30     417.088     
3      s_top/mem/add_102_S2      32     524.6528    
