Depth  Name                           #Inst  Area (um^2)
--------------------------------------------------------
0      snake_top_top                  7943   1073382.784
1      s_top                          7796   118843.7376
1      pad_BLUE_out2                  5      21078.0032 
1      pad_GREEN_out4                 5      21078.0032 
1      pad_RED_out3                   5      21078.0032 
1      pad_BLUE_out7                  5      21078.0032 
1      pad_GREEN_out7                 5      21078.0032 
1      pad_RED_out0                   5      21078.0032 
1      pad_GREEN_out0                 5      21078.0032 
1      pad_GREEN_out1                 5      21078.0032 
1      pad_vga_clk_out                5      21078.0032 
1      pad_BLUE_out4                  5      21078.0032 
1      pad_GREEN_out6                 5      21078.0032 
1      pad_RED_out5                   5      21078.0032 
1      pad_vsync_out                  5      21078.0032 
1      pad_BLUE_out1                  5      21078.0032 
1      pad_RED_out2                   5      21078.0032 
1      pad_GREEN_out3                 5      21078.0032 
1      pad_BLUE_out6                  5      21078.0032 
1      pad_RED_out7                   5      21078.0032 
1      pad_BLUE_out3                  5      21078.0032 
1      pad_GREEN_out5                 5      21078.0032 
1      pad_RED_out4                   5      21078.0032 
1      pad_hsync_out                  5      21078.0032 
1      pad_BLUE_out0                  5      21078.0032 
1      pad_RED_out1                   5      21078.0032 
1      pad_GREEN_out2                 5      21078.0032 
1      pad_BLUE_out5                  5      21078.0032 
1      pad_RED_out6                   5      21078.0032 
2      s_top/vga_c                    191    4688.9472  
2      s_top/sw                       474    6699.7504  
2      s_top/mem                      3989   65241.344  
2      s_top/add_27                   51     919.7888   
2      s_top/s                        2987   39182.1248 
3      s_top/mem/add_244_S2           32     524.6528   
3      {s_top/s/next_state_reg[1]}    0      0.0        
3      {s_top/s/next_state_reg[0]}    0      0.0        
3      s_top/mem/mult_244_S2          30     417.088    
3      s_top/mem/add_249              30     500.5056   
3      {s_top/s/next_state_reg[2]}    0      0.0        
3      s_top/vga_c/vga_module         113    2478.3808  
3      s_top/mem/mult_249             30     417.088    
