Loading db file '/research/ece/lnis-teaching/Designkits/tsmc180nm/full_custom_lib/lib/sclib_tsmc180_tt_nldm.db'
Information: Propagating switching activity (low effort zero delay simulation). (PWR-6)
Warning: Design has unannotated primary inputs. (PWR-414)
Warning: Design has unannotated sequential cell outputs. (PWR-415)
 
****************************************
Report : power
        -analysis_effort low
Design : snake_top
Version: K-2015.06-SP5-6
Date   : Sat Dec  1 15:27:50 2018
****************************************


Library(s) Used:

    sclib_tsmc180_tt (File: /research/ece/lnis-teaching/Designkits/tsmc180nm/full_custom_lib/lib/sclib_tsmc180_tt_nldm.db)


Operating Conditions: PVT_1P8V_25C   Library: sclib_tsmc180_tt
Wire Load Model Mode: top


Global Operating Voltage = 1.8  
Power-specific unit information :
    Voltage Units = 1V
    Capacitance Units = 1.000000pf
    Time Units = 1ns
    Dynamic Power Units = 1mW    (derived from V,C,T units)
    Leakage Power Units = 1nW


  Cell Internal Power  = 362.1260 uW   (90%)
  Net Switching Power  =  42.2092 uW   (10%)
                         ---------
Total Dynamic Power    = 404.3352 uW  (100%)

Cell Leakage Power     = 254.1322 nW


                 Internal         Switching           Leakage            Total
Power Group      Power            Power               Power              Power   (   %    )  Attrs
--------------------------------------------------------------------------------------------------
io_pad             0.0000            0.0000            0.0000            0.0000  (   0.00%)
memory             0.0000            0.0000            0.0000            0.0000  (   0.00%)
black_box          0.0000            0.0000            0.0000            0.0000  (   0.00%)
clock_network      0.0000            0.0000            0.0000            0.0000  (   0.00%)
register           0.2809        5.4357e-04           73.5050            0.2815  (  69.58%)
sequential     4.5076e-02            0.0000           25.1144        4.5101e-02  (  11.15%)
combinational  3.6145e-02        4.1666e-02          155.5129        7.7966e-02  (  19.27%)
--------------------------------------------------------------------------------------------------
Total              0.3621 mW     4.2209e-02 mW       254.1322 nW         0.4046 mW
1
